exports[`component/page/index Snapshot should render correctly 1`] = `
<main
  className="l-main"
  itemProp="mainContentOfPage"
  role="main">
  <div
    className="l-main__transition">
    <section
      className="l-grid m-section">
      <div
        className="l-grid__row">
        <div
          className="l-grid__col--12" />
      </div>
    </section>
  </div>
  <div
    className="l-main__transition">
    <section
      className="l-grid m-section">
      <div
        className="l-grid__spaced--small">
        <div
          className="l-grid__row">
          <div
            className="l-grid__col--12">
            <article
              className="is-main m-article"
              itemScope={true}
              itemType="https://schema.org/Article">
              <div
                className="m-article__text"
                itemProp="text" />
            </article>
          </div>
        </div>
      </div>
    </section>
  </div>
  <div
    className="l-main__transition">
    <section
      className="l-grid m-section">
      <div
        className="l-grid__spaced--small">
        <div
          className="l-grid__row">
          <div
            className="l-grid__col--12">
            <article
              className="m-article"
              itemScope={true}
              itemType="https://schema.org/Article">
              <div
                className="m-article__text"
                itemProp="text" />
            </article>
          </div>
        </div>
      </div>
    </section>
  </div>
  <div
    className="l-main__transition">
    <section
      className="l-grid m-section">
      <div
        className="l-grid__row">
        <div
          className="l-grid__col--12">
          <article
            className="has-no-margin m-article"
            itemScope={true}
            itemType="https://schema.org/Article">
            <div
              className="m-article__text"
              itemProp="text" />
          </article>
        </div>
      </div>
    </section>
  </div>
</main>
`;
