// Jest Snapshot v1, https://goo.gl/fbAQLP

exports[`common/component/page/broadcast should render correctly 1`] = `
<main
  className="l-main"
  itemProp="mainContentOfPage"
  role="main"
>
  <div
    className="l-main__transition"
  >
    <section
      className="l-grid m-section"
    >
      <div
        className="l-grid__spaced--small"
      >
        <div
          className="l-grid__row"
        >
          <div
            className="l-grid__col--12"
          >
            <article
              className="is-main m-article"
              itemScope={true}
              itemType="https://schema.org/Article"
            >
              <h1
                className="is-centered c-type--h1 m-article__headline"
                itemProp="headline"
              >
                Some broadcast experiences
              </h1>
              <p
                className="is-centered c-type--p m-article__lead"
                itemProp="alternativeHeadline"
              >
                <strong>
                  International and national broadcast productions
                </strong>
              </p>
              <div
                className="m-article__text"
                itemProp="text"
              >
                <ul
                  className="m-list--broadcast"
                  itemScope={true}
                  itemType="http://schema.org/ItemList"
                  role="list"
                >
                  <li
                    className="m-list__item"
                  >
                    <h3
                      className="c-type--h3 m-list__alt-headline"
                    >
                      2012
                    </h3>
                    <ul
                      className="m-list"
                    >
                      <li
                        className="m-list__item"
                        dangerouslySetInnerHTML={
                          Object {
                            "__html": "<a href='http://www.diamondleague.com/' target='_blank' title='Diamant League website'>Diamant League</a>, track and field athletics, Virtual Graphics - USA (New York, Eugene)",
                          }
                        }
                        itemProp="itemListElement"
                      />
                    </ul>
                  </li>
                  <li
                    className="m-list__item"
                  >
                    <h3
                      className="c-type--h3 m-list__alt-headline"
                    >
                      2011
                    </h3>
                    <ul
                      className="m-list"
                    >
                      <li
                        className="m-list__item"
                        dangerouslySetInnerHTML={
                          Object {
                            "__html": "<a href='http://www.bundesliga.de/' target='_blank' title='Bundesliga website'>German Soccer League</a>, Virtual Graphics - Germany",
                          }
                        }
                        itemProp="itemListElement"
                      />
                      <li
                        className="m-list__item"
                        dangerouslySetInnerHTML={
                          Object {
                            "__html": "<a href='http://www.mdr.de/' target='_blank' title='MDR website'>Mitteldeutscher Rundfunk Leipzig</a>, TV Graphics - Germany",
                          }
                        }
                        itemProp="itemListElement"
                      />
                    </ul>
                  </li>
                  <li
                    className="m-list__item"
                  >
                    <h3
                      className="c-type--h3 m-list__alt-headline"
                    >
                      2010
                    </h3>
                    <ul
                      className="m-list"
                    >
                      <li
                        className="m-list__item"
                        dangerouslySetInnerHTML={
                          Object {
                            "__html": "<a href='http://www.iaaf.org/' target='_blank' title='IAAF website'>IAAF</a> track and field athletics, Virtual Graphics - Croatia (Split)",
                          }
                        }
                        itemProp="itemListElement"
                      />
                      <li
                        className="m-list__item"
                        dangerouslySetInnerHTML={
                          Object {
                            "__html": "<a href='http://www.bundesliga.de/' target='_blank' title='Bundesliga website'>German Soccer League</a>, Virtual Graphics - Germany",
                          }
                        }
                        itemProp="itemListElement"
                      />
                      <li
                        className="m-list__item"
                        dangerouslySetInnerHTML={
                          Object {
                            "__html": "<a href='http://www.mdr.de/' target='_blank' title='MDR website'>Mitteldeutscher Rundfunk Leipzig</a>, TV Graphics - Germany",
                          }
                        }
                        itemProp="itemListElement"
                      />
                      <li
                        className="m-list__item"
                        dangerouslySetInnerHTML={
                          Object {
                            "__html": "<a href='http://www.uka.org.uk/' target='_blank' title='UKA website'>UKA</a> track and field athletics, Virtual Graphics - Great Britain (Birmingham)",
                          }
                        }
                        itemProp="itemListElement"
                      />
                    </ul>
                  </li>
                  <li
                    className="m-list__item"
                  >
                    <h3
                      className="c-type--h3 m-list__alt-headline"
                    >
                      2009
                    </h3>
                    <ul
                      className="m-list"
                    >
                      <li
                        className="m-list__item"
                        dangerouslySetInnerHTML={
                          Object {
                            "__html": "<a href='http://www.del.org/' target='_blank' title='DEL website'>DEL</a> ice hockey, TV Graphics - Germany",
                          }
                        }
                        itemProp="itemListElement"
                      />
                      <li
                        className="m-list__item"
                        dangerouslySetInnerHTML={
                          Object {
                            "__html": "<a href='http://www.swimming.org.au/' target='_blank' title='Australia Swimming Championships website'>Swimming Australia</a> Championships, Virtual Graphics & TV Graphics - Australien (Sydney & Hobart)",
                          }
                        }
                        itemProp="itemListElement"
                      />
                      <li
                        className="m-list__item"
                        dangerouslySetInnerHTML={
                          Object {
                            "__html": "German Athletics Championships, TV Graphics - Germany (Ulm)",
                          }
                        }
                        itemProp="itemListElement"
                      />
                      <li
                        className="m-list__item"
                        dangerouslySetInnerHTML={
                          Object {
                            "__html": "<a href='http://www.bundesliga.de/' target='_blank' title='Bundesliga website'>German Soccer League</a> and international soccer matches, Virtual Graphics - Germany",
                          }
                        }
                        itemProp="itemListElement"
                      />
                      <li
                        className="m-list__item"
                        dangerouslySetInnerHTML={
                          Object {
                            "__html": "<a href='http://www.triathlon.org/' target='_blank' title='Triathlon website'>Triathlon Worldcup</a>, TV Graphics & GPS Tracking - USA (Washington), Spain (Madrid)",
                          }
                        }
                        itemProp="itemListElement"
                      />
                      <li
                        className="m-list__item"
                        dangerouslySetInnerHTML={
                          Object {
                            "__html": "Ski-jump Worldcup & <a href='http://www.vierschanzentournee.com/' target='_blank' title='4schanzentournee website'>4 Schanzentournee</a>, Virtual Graphics & TV Graphics - Germany, Austria, Switzerland, Poland",
                          }
                        }
                        itemProp="itemListElement"
                      />
                    </ul>
                  </li>
                  <li
                    className="m-list__item"
                  >
                    <h3
                      className="c-type--h3 m-list__alt-headline"
                    >
                      2008
                    </h3>
                    <ul
                      className="m-list"
                    >
                      <li
                        className="m-list__item"
                        dangerouslySetInnerHTML={
                          Object {
                            "__html": "Olympia <a href='http://en.beijing2008.cn/' target='_blank' title='Open website'>Beijing</a>, Teamleader & Virtual Graphics for Swimming championships - China (Beijing)",
                          }
                        }
                        itemProp="itemListElement"
                      />
                      <li
                        className="m-list__item"
                        dangerouslySetInnerHTML={
                          Object {
                            "__html": "<a href='http://www.cygpune2008.com/' target='_blank' title='Commenwealth Youth Games'>Commenwealth Youth Games</a>, Virtual Graphics - India (Pune)",
                          }
                        }
                        itemProp="itemListElement"
                      />
                      <li
                        className="m-list__item"
                        dangerouslySetInnerHTML={
                          Object {
                            "__html": "European Soccer Championship, Virtual Graphics - Switzerland",
                          }
                        }
                        itemProp="itemListElement"
                      />
                      <li
                        className="m-list__item"
                        dangerouslySetInnerHTML={
                          Object {
                            "__html": "American Swimming Championships, Virtual Graphics - USA (Omaha)",
                          }
                        }
                        itemProp="itemListElement"
                      />
                      <li
                        className="m-list__item"
                        dangerouslySetInnerHTML={
                          Object {
                            "__html": "World <a href='http://m2008.nemisys2.uk.com/default.asp' target='_blank' title='Swimming Championships website'>Swimming Championships</a>, Virtual Graphics - Great Britain (Manchester)",
                          }
                        }
                        itemProp="itemListElement"
                      />
                      <li
                        className="m-list__item"
                        dangerouslySetInnerHTML={
                          Object {
                            "__html": "European <a href='http://www.ecswimming2008.nl/' target='_blank' title='Swimming Championships website'>Swimming Championships</a>, Virtual Graphics - Netherlands (Eindhoven)",
                          }
                        }
                        itemProp="itemListElement"
                      />
                      <li
                        className="m-list__item"
                        dangerouslySetInnerHTML={
                          Object {
                            "__html": "Short lane <a href='http://www.fina.org/' target='_blank' title='FINA website'>European Swimming Championship</a>, Virtual Graphics - Croatia (Rijeka)",
                          }
                        }
                        itemProp="itemListElement"
                      />
                      <li
                        className="m-list__item"
                        dangerouslySetInnerHTML={
                          Object {
                            "__html": "<a href='http://www.bundesliga.de/' target='_blank' title='Bundesliga website'>German Soccer League</a> and international soccer matches, Virtual Graphics - Germany",
                          }
                        }
                        itemProp="itemListElement"
                      />
                      <li
                        className="m-list__item"
                        dangerouslySetInnerHTML={
                          Object {
                            "__html": "Ski-jump Worldcup & <a href='http://www.vierschanzentournee.com/' target='_blank' title='4schanzentournee website'>4 Schanzentournee</a>, Virtual Graphics & TV Graphics - Norway, Germany, Austria, Poland",
                          }
                        }
                        itemProp="itemListElement"
                      />
                    </ul>
                  </li>
                  <li
                    className="m-list__item"
                  >
                    <h3
                      className="c-type--h3 m-list__alt-headline"
                    >
                      2007
                    </h3>
                    <ul
                      className="m-list"
                    >
                      <li
                        className="m-list__item"
                        dangerouslySetInnerHTML={
                          Object {
                            "__html": "Universiade, Technical Supervisor - Thailand (Bangkog)",
                          }
                        }
                        itemProp="itemListElement"
                      />
                      <li
                        className="m-list__item"
                        dangerouslySetInnerHTML={
                          Object {
                            "__html": "Short lane <a href='http://www.fina.org/' target='_blank' title='FINA website'>Swimming Worldcup</a>, Virtual Graphics - Sweden (Stockholm)",
                          }
                        }
                        itemProp="itemListElement"
                      />
                      <li
                        className="m-list__item"
                        dangerouslySetInnerHTML={
                          Object {
                            "__html": "<a href='http://www.iaaf.org/' target='_blank' title='IAAF website'>IAAF</a> track and field athletics, Virtual Graphics - France, Italy, Switzerland",
                          }
                        }
                        itemProp="itemListElement"
                      />
                      <li
                        className="m-list__item"
                        dangerouslySetInnerHTML={
                          Object {
                            "__html": "<a href='http://www.swimming.org.au/' target='_blank' title='Australia Swimming Championships website'>Australia Swimming Championships</a>, Virtual Graphics - Australia (Sydney & Melbourne)",
                          }
                        }
                        itemProp="itemListElement"
                      />
                      <li
                        className="m-list__item"
                        dangerouslySetInnerHTML={
                          Object {
                            "__html": "<a href='http://www.bundesliga.de/' target='_blank' title='Bundesliga website'>German Soccer League</a> and international soccer matches, Virtual Graphics - Great Britain, Germany",
                          }
                        }
                        itemProp="itemListElement"
                      />
                      <li
                        className="m-list__item"
                        dangerouslySetInnerHTML={
                          Object {
                            "__html": "Ski-jump Worldcup & <a href='http://www.vierschanzentournee.com/' target='_blank' title='4schanzentournee website'>4 Schanzentournee</a>, Virtual Graphics & TV Graphics - Norway, Germany, Austria, Switzerland",
                          }
                        }
                        itemProp="itemListElement"
                      />
                    </ul>
                  </li>
                  <li
                    className="m-list__item"
                  >
                    <h3
                      className="c-type--h3 m-list__alt-headline"
                    >
                      2006
                    </h3>
                    <ul
                      className="m-list"
                    >
                      <li
                        className="m-list__item"
                        dangerouslySetInnerHTML={
                          Object {
                            "__html": "Asian Games Doha, Swimming & track and field athletics, Virtual Graphics - Qatar (Doha)",
                          }
                        }
                        itemProp="itemListElement"
                      />
                      <li
                        className="m-list__item"
                        dangerouslySetInnerHTML={
                          Object {
                            "__html": "<a href='http://www.torino2006.it/' target='_blank' title='Winter Olympics website'>Winter Olympics</a>, Timing & Support - Italy (Turino)",
                          }
                        }
                        itemProp="itemListElement"
                      />
                      <li
                        className="m-list__item"
                        dangerouslySetInnerHTML={
                          Object {
                            "__html": "<a href='http://de.fifa.com/worldcup/archive/germany2006/index.html' target='_blank' title='FIFA website'>World Soccer Championship</a>, Virtual Graphics - Germany",
                          }
                        }
                        itemProp="itemListElement"
                      />
                      <li
                        className="m-list__item"
                        dangerouslySetInnerHTML={
                          Object {
                            "__html": "European Swimming Championships, Virtual Graphics - Hungary (Budapest)",
                          }
                        }
                        itemProp="itemListElement"
                      />
                      <li
                        className="m-list__item"
                        dangerouslySetInnerHTML={
                          Object {
                            "__html": "<a href='http://www.bundesliga.de/' target='_blank' title='Bundesliga website'>German Soccer League</a> and international soccer matches, Virtual Graphics - Great Britain, Bulgaria, Germany",
                          }
                        }
                        itemProp="itemListElement"
                      />
                    </ul>
                  </li>
                  <li
                    className="m-list__item"
                  >
                    <h3
                      className="c-type--h3 m-list__alt-headline"
                    >
                      2005
                    </h3>
                    <ul
                      className="m-list"
                    >
                      <li
                        className="m-list__item"
                        dangerouslySetInnerHTML={
                          Object {
                            "__html": "<a href='http://www.swimming.org.au/' target='_blank' title='Australia Swimming Championships website'>Australia Swimming Championships</a>, Virtual Graphics - Australia (Sydney & Melbourne)",
                          }
                        }
                        itemProp="itemListElement"
                      />
                      <li
                        className="m-list__item"
                        dangerouslySetInnerHTML={
                          Object {
                            "__html": "Mexican Soccer League, Virtual Graphics - Mexico (Mexico City, Guadalajara)",
                          }
                        }
                        itemProp="itemListElement"
                      />
                      <li
                        className="m-list__item"
                        dangerouslySetInnerHTML={
                          Object {
                            "__html": "Universiade, TV Graphics - Italy (Turino)",
                          }
                        }
                        itemProp="itemListElement"
                      />
                      <li
                        className="m-list__item"
                        dangerouslySetInnerHTML={
                          Object {
                            "__html": "<a href='http://www.bundesliga.de/' target='_blank' title='Bundesliga website'>German Soccer League</a> and international soccer matches, Virtual Graphics - Germany",
                          }
                        }
                        itemProp="itemListElement"
                      />
                      <li
                        className="m-list__item"
                        dangerouslySetInnerHTML={
                          Object {
                            "__html": "<a href='http://tvtotal.prosieben.de/events/wok-wm' target='_blank' title='WOK WM website'>WOK World Championships</a>, TV Graphics - Germany",
                          }
                        }
                        itemProp="itemListElement"
                      />
                      <li
                        className="m-list__item"
                        dangerouslySetInnerHTML={
                          Object {
                            "__html": "Ski-jump Worldcup & <a href='http://www.vierschanzentournee.com/' target='_blank' title='4schanzentournee website'>4 Schanzentournee</a>, Virtual Graphics & TV Graphics - Norway, Germany, Austria, Switzerland, Slovenia",
                          }
                        }
                        itemProp="itemListElement"
                      />
                    </ul>
                  </li>
                  <li
                    className="m-list__item"
                  >
                    <h3
                      className="c-type--h3 m-list__alt-headline"
                    >
                      2004
                    </h3>
                    <ul
                      className="m-list"
                    >
                      <li
                        className="m-list__item"
                        dangerouslySetInnerHTML={
                          Object {
                            "__html": "World Swimming Championships, Virtual Graphics - Canada (Montreal)",
                          }
                        }
                        itemProp="itemListElement"
                      />
                      <li
                        className="m-list__item"
                        dangerouslySetInnerHTML={
                          Object {
                            "__html": "<a href='http://www.bundesliga.de/' target='_blank' title='Bundesliga website'>German Soccer League</a> and international soccer matches, Virtual Graphics - Germany",
                          }
                        }
                        itemProp="itemListElement"
                      />
                      <li
                        className="m-list__item"
                        dangerouslySetInnerHTML={
                          Object {
                            "__html": "Ski-jump Worldcup & <a href='http://www.vierschanzentournee.com/' target='_blank' title='4schanzentournee website'>4 Schanzentournee</a>, Virtual Graphics & TV Graphics - Norway, Germany, Austria, Switzerland, Slovenia, Poland",
                          }
                        }
                        itemProp="itemListElement"
                      />
                    </ul>
                  </li>
                </ul>
              </div>
              <p
                className="is-centered c-type--p m-article__button hide-on-print"
              >
                <a
                  aria-current="page"
                  className="c-btn active"
                  href="/"
                  onClick={[Function]}
                  role="button"
                  style={Object {}}
                  title="Go to startpage"
                  type={null}
                >
                  <span
                    className="c-btn__label"
                  >
                    Back to startpage
                  </span>
                </a>
              </p>
              <meta
                content="Some broadcast experiences"
                itemProp="name"
              />
            </article>
          </div>
        </div>
      </div>
    </section>
  </div>
</main>
`;

exports[`common/component/page/broadcast should render correctly as dialog 1`] = `
<div
  className="l-main__transition"
>
  <section
    className="l-grid m-section"
  >
    <div
      className="l-grid__spaced--small"
    >
      <div
        className="l-grid__row"
      >
        <div
          className="l-grid__col--12"
        >
          <article
            className="is-main m-article"
            itemScope={true}
            itemType="https://schema.org/Article"
          >
            <div
              className="m-article__text"
              itemProp="text"
            >
              <ul
                className="m-list--broadcast"
                itemScope={true}
                itemType="http://schema.org/ItemList"
                role="list"
              />
            </div>
          </article>
        </div>
      </div>
    </div>
  </section>
</div>
`;
