// Jest Snapshot v1, https://goo.gl/fbAQLP

exports[`common/component/page/not-found should render correctly 1`] = `
<main
  className="l-main"
  itemProp="mainContentOfPage"
  role="main"
>
  <div
    className="l-main__transition"
  >
    <section
      className="l-grid m-section"
    >
      <div
        className="l-grid__spaced--small"
      >
        <div
          className="l-grid__row"
        >
          <div
            className="l-grid__col--12"
          >
            <article
              className="is-main m-article"
              itemScope={true}
              itemType="https://schema.org/Article"
            >
              <h1
                className="is-centered c-type--h1 m-article__headline"
                itemProp="headline"
              >
                Oops - Page not found
              </h1>
              <p
                className="is-centered c-type--p m-article__lead"
                itemProp="alternativeHeadline"
              >
                <strong>
                  We can't find the page you are looking for
                </strong>
              </p>
              <div
                className="m-article__text"
                itemProp="text"
              />
              <p
                className="is-centered c-type--p m-article__button hide-on-print"
              >
                <a
                  aria-current="page"
                  className="c-btn active"
                  href="/"
                  onClick={[Function]}
                  role="button"
                  style={Object {}}
                  title="Go to startpage"
                  type={null}
                >
                  <span
                    className="c-btn__label"
                  >
                    Back to startpage
                  </span>
                </a>
              </p>
              <meta
                content="Oops - Page not found"
                itemProp="name"
              />
            </article>
          </div>
        </div>
      </div>
    </section>
  </div>
</main>
`;
