// Jest Snapshot v1, https://goo.gl/fbAQLP

exports[`common/component/page/theme should render correctly 1`] = `
<main
  className="l-main"
  itemProp="mainContentOfPage"
  role="main"
>
  <section
    className="l-grid l-main__transition"
  >
    <div
      className="l-grid__spaced--small"
    >
      <div
        className="l-grid__row"
      >
        <div
          className="l-grid__col--12"
        >
          <article
            className="is-main m-article"
            itemScope={true}
            itemType="https://schema.org/Article"
          >
            <div
              className="m-article__text"
              itemProp="text"
            >
              <form
                acceptCharset="utf-8"
                action="/theme/"
                className="m-form m-form--theme"
                id="m-form--theme"
                itemProp="potentialAction"
                itemScope={true}
                itemType="http://schema.org/Action"
                method="post"
                noValidate={true}
                onReset={[Function]}
                onSubmit={[Function]}
                role="form"
              >
                <fieldset
                  className="m-form__fieldset"
                >
                  <legend
                    className="m-form__legend is-visually-hidden"
                  />
                  <div
                    className="l-grid__row"
                  >
                    <div
                      className="l-grid__col--6"
                    >
                      <button
                        className="c-btn"
                        onClick={[Function]}
                        role="button"
                        title=""
                        type="button"
                      >
                        <span
                          className="c-btn__label"
                        >
                          default
                        </span>
                      </button>
                    </div>
                    <div
                      className="l-grid__col--6"
                    >
                      <button
                        className="c-btn"
                        onClick={[Function]}
                        role="button"
                        title=""
                        type="button"
                      >
                        <span
                          className="c-btn__label"
                        >
                          grey
                        </span>
                      </button>
                    </div>
                  </div>
                  <input
                    name="_csrf"
                    type="hidden"
                    value="da39a3ee5e6b4b0d3255bfef95601890afd80709"
                  />
                </fieldset>
              </form>
            </div>
          </article>
        </div>
      </div>
    </div>
  </section>
</main>
`;
