// Jest Snapshot v1, https://goo.gl/fbAQLP

exports[`common/component/layout/body should render correctly 1`] = `
Array [
  <dialog
    aria-live="assertive"
    className="l-dialog--loading"
    role="alert"
  >
    <div
      className="l-dialog__content"
    >
      <div
        className="c-flip"
      >
        <div
          className="c-flip__front"
        >
          Now
        </div>
        <div
          className="c-flip__back"
        >
          Loading
        </div>
      </div>
    </div>
    <div
      className="l-dialog__background"
    />
  </dialog>,
  <header
    className="c-header l-header is-fixed is-visible"
    itemScope={true}
    itemType="http://schema.org/WPHeader"
    role="banner"
  >
    <progress
      className="m-progress"
      id="m-progress"
      max="100"
      value="0"
    >
      <span
        className="m-progress__fallback"
        id="m-progress__fallback"
      />
    </progress>
    <nav
      className="m-nav m-nav--main"
      role="navigation"
    >
      <section
        className="l-grid"
      >
        <div
          className="l-grid__row"
        >
          <div
            className="l-grid__col--12"
          >
            <input
              aria-label="Menu"
              className="m-nav__toggle c-font-icon--menu"
              data-label="Menu"
              type="checkbox"
            />
            <ul
              className="m-menu m-menu--main m-nav__toggle-target"
              itemScope={true}
              itemType="https://schema.org/ItemList"
              role="menu"
            >
              <li
                className="m-menu__list-item"
                itemProp="itemListElement"
                itemScope={true}
                itemType="http://www.schema.org/SiteNavigationElement"
              >
                <a
                  aria-current="true"
                  className="c-link m-menu__item is-active"
                  href="/"
                  itemProp="url"
                  onClick={[Function]}
                  role="menuitem"
                  style={Object {}}
                  tabIndex="0"
                  title="Show some work"
                >
                  <span
                    className="m-menu__label"
                    itemProp="name"
                  >
                    Work
                  </span>
                </a>
              </li>
              <li
                className="m-menu__list-item"
                itemProp="itemListElement"
                itemScope={true}
                itemType="http://www.schema.org/SiteNavigationElement"
              >
                <a
                  aria-current={false}
                  className="c-link m-menu__item"
                  href="/persona"
                  itemProp="url"
                  onClick={[Function]}
                  role="menuitem"
                  style={undefined}
                  tabIndex="0"
                  title="Show information about my persona"
                >
                  <span
                    className="m-menu__label"
                    itemProp="name"
                  >
                    Persona
                  </span>
                </a>
              </li>
              <li
                className="m-menu__list-item"
                itemProp="itemListElement"
                itemScope={true}
                itemType="http://www.schema.org/SiteNavigationElement"
              >
                <a
                  aria-current={false}
                  className="c-link m-menu__item"
                  href="/contact"
                  itemProp="url"
                  onClick={[Function]}
                  role="menuitem"
                  style={undefined}
                  tabIndex="0"
                  title="Get in touch"
                >
                  <span
                    className="m-menu__label"
                    itemProp="name"
                  >
                    Contact
                  </span>
                </a>
              </li>
            </ul>
            <ul
              className="m-menu--aside m-nav__toggle-target m-nav__aside"
              itemScope={true}
              itemType="http://schema.org/ItemList"
              role="menu"
            >
              <li
                className="m-menu__list-item"
                itemProp="itemListElement"
                itemScope={true}
                itemType="http://www.schema.org/SiteNavigationElement"
              >
                <button
                  className="c-btn m-menu__item m-menu__item--en is-active is-hidden c-btn--small c-btn--clear"
                  data-locale="en-EN"
                  onClick={[Function]}
                  role="button"
                  title="Switch to english"
                  to={undefined}
                  type="button"
                >
                  <span
                    className="c-btn__label"
                  >
                    en
                  </span>
                </button>
              </li>
              <li
                className="m-menu__list-item"
                itemProp="itemListElement"
                itemScope={true}
                itemType="http://www.schema.org/SiteNavigationElement"
              >
                <button
                  className="c-btn m-menu__item m-menu__item--de is-hidden c-btn--small c-btn--clear"
                  data-locale="de-DE"
                  onClick={[Function]}
                  role="button"
                  title="Sprache in deutsch ändern"
                  to={undefined}
                  type="button"
                >
                  <span
                    className="c-btn__label"
                  >
                    de
                  </span>
                </button>
              </li>
              <li
                className="m-menu__list-item always-float"
                itemProp="itemListElement"
                itemScope={true}
                itemType="http://www.schema.org/SiteNavigationElement"
              >
                <a
                  aria-current={false}
                  className="c-link m-menu__item--search c-btn--small c-btn--clear"
                  href="/search"
                  onClick={[Function]}
                  style={undefined}
                  tabIndex="0"
                  title="Search"
                >
                  <span
                    className="c-btn__label"
                  >
                    <i
                      aria-hidden="true"
                      className="c-font-icon--search c-btn__icon"
                    />
                  </span>
                </a>
              </li>
            </ul>
          </div>
        </div>
      </section>
    </nav>
  </header>,
  "Body Children",
  <footer
    className="l-footer"
    itemScope={true}
    itemType="http://schema.org/WPFooter"
    role="contentinfo"
  >
    <button
      className="c-btn l-footer__button--up c-font-icon--chevron-up"
      onClick={[Function]}
      role="button"
      title="Scroll to top"
      to={undefined}
      type="button"
    >
      <span
        className="c-btn__label is-visually-hidden"
      >
        Scroll to top
      </span>
    </button>
    <nav
      className="m-nav"
      role="navigation"
    >
      <section
        className="l-grid"
      >
        <div
          className="l-grid__spaced--small"
        >
          <div
            className="l-grid__row"
          >
            <div
              className="l-grid__col--12"
            >
              <ul
                className="m-menu m-menu--imprint"
                itemScope={true}
                itemType="https://schema.org/ItemList"
                role="menu"
              >
                <li
                  className="m-menu__list-item"
                  itemProp="itemListElement"
                  itemScope={true}
                  itemType="http://www.schema.org/SiteNavigationElement"
                >
                  <a
                    aria-current={false}
                    className="c-link m-menu__item"
                    href="/disclaimer"
                    itemProp="url"
                    onClick={[Function]}
                    role="menuitem"
                    style={undefined}
                    tabIndex="0"
                    title="Disclaimer"
                  >
                    <span
                      className="m-menu__label"
                      itemProp="name"
                    >
                      Disclaimer
                    </span>
                  </a>
                </li>
                <li
                  className="m-menu__list-item"
                  itemProp="itemListElement"
                  itemScope={true}
                  itemType="http://www.schema.org/SiteNavigationElement"
                >
                  <a
                    aria-current={false}
                    className="c-link m-menu__item"
                    href="/imprint"
                    itemProp="url"
                    onClick={[Function]}
                    role="menuitem"
                    style={undefined}
                    tabIndex="0"
                    title="Imprint"
                  >
                    <span
                      className="m-menu__label"
                      itemProp="name"
                    >
                      Imprint
                    </span>
                  </a>
                </li>
                <li
                  className="m-menu__list-item"
                  itemProp="itemListElement"
                  itemScope={true}
                  itemType="http://www.schema.org/SiteNavigationElement"
                >
                  <a
                    aria-current={false}
                    className="c-link m-menu__item"
                    href="/privacy"
                    itemProp="url"
                    onClick={[Function]}
                    role="menuitem"
                    style={undefined}
                    tabIndex="0"
                    title="Privacy"
                  >
                    <span
                      className="m-menu__label"
                      itemProp="name"
                    >
                      Privacy
                    </span>
                  </a>
                </li>
              </ul>
            </div>
          </div>
          <div
            className="l-grid__row"
          >
            <div
              className="l-grid__col--12"
            >
              <ul
                className="m-menu m-menu--social"
                itemScope={true}
                itemType="https://schema.org/ItemList"
                role="menu"
              >
                <li
                  className="m-menu__list-item"
                  itemProp="itemListElement"
                  itemScope={true}
                  itemType="http://schema.org/Organization"
                >
                  <a
                    className="c-link m-menu__item"
                    href="https://www.xing.com/profile/Ulrich_Merkel4"
                    itemProp="sameAs"
                    rel="noopener noreferrer"
                    role="menuitem"
                    tabIndex="0"
                    target="_blank"
                    title="Ulrich Merkel @ Xing"
                  >
                    <i
                      aria-hidden="true"
                      className="c-font-icon--xing m-menu__icon"
                    />
                    <span
                      className="is-visually-hidden m-menu__label"
                      itemProp="name"
                    >
                      Xing
                    </span>
                  </a>
                  <link
                    href="//www.ulrichmerkel.com"
                    itemProp="url"
                  />
                </li>
                <li
                  className="m-menu__list-item"
                  itemProp="itemListElement"
                  itemScope={true}
                  itemType="http://schema.org/Organization"
                >
                  <a
                    className="c-link m-menu__item"
                    href="https://www.facebook.com/ulrich.merkel"
                    itemProp="sameAs"
                    rel="noopener noreferrer"
                    role="menuitem"
                    tabIndex="0"
                    target="_blank"
                    title="Ulrich Merkel @ Facebook"
                  >
                    <i
                      aria-hidden="true"
                      className="c-font-icon--facebook m-menu__icon"
                    />
                    <span
                      className="is-visually-hidden m-menu__label"
                      itemProp="name"
                    >
                      Facebook
                    </span>
                  </a>
                  <link
                    href="//www.ulrichmerkel.com"
                    itemProp="url"
                  />
                </li>
                <li
                  className="m-menu__list-item"
                  itemProp="itemListElement"
                  itemScope={true}
                  itemType="http://schema.org/Organization"
                >
                  <a
                    className="c-link m-menu__item"
                    href="https://github.com/ulrich-merkel"
                    itemProp="sameAs"
                    rel="noopener noreferrer"
                    role="menuitem"
                    tabIndex="0"
                    target="_blank"
                    title="Ulrich Merkel @ GitHub"
                  >
                    <i
                      aria-hidden="true"
                      className="c-font-icon--github m-menu__icon"
                    />
                    <span
                      className="is-visually-hidden m-menu__label"
                      itemProp="name"
                    >
                      GitHub
                    </span>
                  </a>
                  <link
                    href="//www.ulrichmerkel.com"
                    itemProp="url"
                  />
                </li>
                <li
                  className="m-menu__list-item"
                  itemProp="itemListElement"
                  itemScope={true}
                  itemType="http://schema.org/Organization"
                >
                  <a
                    className="c-link m-menu__item"
                    href="https://delicious.com/ulrichmerkel"
                    itemProp="sameAs"
                    rel="noopener noreferrer"
                    role="menuitem"
                    tabIndex="0"
                    target="_blank"
                    title="Ulrich Merkel @ Delicious"
                  >
                    <i
                      aria-hidden="true"
                      className="c-font-icon--delicious m-menu__icon"
                    />
                    <span
                      className="is-visually-hidden m-menu__label"
                      itemProp="name"
                    >
                      Delicious
                    </span>
                  </a>
                  <link
                    href="//www.ulrichmerkel.com"
                    itemProp="url"
                  />
                </li>
              </ul>
            </div>
          </div>
          <div
            className="l-grid__row"
          >
            <div
              className="l-grid__col--12"
            >
              <small
                className="c-type--small"
              >
                © 
                <strong>
                  Ulrich Merkel
                </strong>
                 
                2017
              </small>
            </div>
          </div>
        </div>
      </section>
    </nav>
  </footer>,
]
`;
