exports[`common/component/layout/dialog should render correctly 1`] = `
<dialog
  className="l-dialog"
  role="presentation">
  <div
    className="l-dialog__content">
    <div
      className="l-grid__spaced--small">
      <div
        className="l-grid__row">
        <div
          className="l-grid__col--12">
          <article
            className="is-main m-article m-article--broadcast"
            itemScope={true}
            itemType="https://schema.org/Article">
            <div
              className="m-article__text"
              itemProp="text">
              <ul
                className="m-list--broadcast"
                itemScope={true}
                itemType="http://schema.org/ItemList"
                role="list" />
              <button
                className="c-btn"
                onClick={[Function]}
                role="button"
                title=""
                to={undefined}
                type="button">
                <span
                  className="c-btn__label" />
              </button>
            </div>
          </article>
        </div>
      </div>
    </div>
    <button
      className="c-btn l-dialog__button--close c-font-icon--close c-btn--small"
      onClick={[Function]}
      role="button"
      title=""
      to={undefined}
      type="button">
      <span
        className="c-btn__label is-visually-hidden" />
    </button>
  </div>
  <div
    className="l-dialog__background"
    role="presentation" />
</dialog>
`;

exports[`common/component/layout/dialog should render null if not visible 1`] = `null`;
