exports[`common/component/layout/header should render correctly 1`] = `
<header
  className="l-header is-visible layout-header"
  itemScope={true}
  itemType="http://schema.org/WPHeader"
  role="banner">
  <progress
    className="m-progress"
    id="m-progress"
    max="100"
    value="0">
    <div
      className="m-progress__fallback"
      id="m-progress__fallback" />
  </progress>
  <nav
    className="m-nav m-nav--main"
    role="navigation">
    <section
      className="l-grid">
      <div
        className="l-grid__row">
        <div
          className="l-grid__col--12">
          <input
            aria-label={undefined}
            className="m-nav__toggle c-font-icon--menu"
            data-label={undefined}
            type="checkbox" />
          <ul
            className="m-menu--aside m-nav__toggle-target m-nav__aside"
            itemScope={true}
            itemType="http://schema.org/ItemList"
            role="menu">
            <li
              className="m-menu__list-item"
              itemProp="itemListElement"
              itemScope={true}
              itemType="http://www.schema.org/SiteNavigationElement">
              <button
                className="c-btn m-menu__item m-menu__item--en is-active is-hidden c-btn--small c-btn--clear"
                data-locale="en-EN"
                onClick={[Function]}
                role="button"
                title=""
                to={undefined}
                type="button">
                <span
                  className="c-btn__label" />
              </button>
            </li>
            <li
              className="m-menu__list-item"
              itemProp="itemListElement"
              itemScope={true}
              itemType="http://www.schema.org/SiteNavigationElement">
              <button
                className="c-btn m-menu__item m-menu__item--de is-hidden c-btn--small c-btn--clear"
                data-locale="de-DE"
                onClick={[Function]}
                role="button"
                title=""
                to={undefined}
                type="button">
                <span
                  className="c-btn__label" />
              </button>
            </li>
            <li
              className="m-menu__list-item"
              itemProp="itemListElement"
              itemScope={true}
              itemType="http://www.schema.org/SiteNavigationElement">
              <a
                className="c-link m-menu__item c-btn--small c-btn--clear"
                onClick={[Function]}
                style={Object {}}
                tabIndex="0"
                title="Suche">
                <span
                  className="c-btn__label">
                  <i
                    aria-hidden="true"
                    className="c-font-icon--search c-btn__icon" />
                </span>
              </a>
            </li>
          </ul>
        </div>
      </div>
    </section>
  </nav>
</header>
`;
