// Jest Snapshot v1, https://goo.gl/fbAQLP

exports[`applyReducedMotion should handle reduced motion correctly 1`] = `undefined`;

exports[`applyReducedMotion should handle reduced motion correctly 2`] = `undefined`;

exports[`applyReducedMotion should handle reduced motion correctly 3`] = `undefined`;
