// Jest Snapshot v1, https://goo.gl/fbAQLP

exports[`getClassNamesToRemove should add class names correctly 1`] = `Array []`;

exports[`getClassNamesToRemove should add class names correctly 2`] = `
Array [
  "dark",
]
`;

exports[`getClassNamesToRemove should add class names correctly 3`] = `
Array [
  "color-scheme-dark",
  "color-scheme-default",
]
`;
