// Jest Snapshot v1, https://goo.gl/fbAQLP

exports[`ModuleServiceItem should render correctly 1`] = `
<DocumentFragment>
  <li
    class="c-list m-service__item--right"
    itemprop="itemListElement"
  >
    <div
      class="m-service__content"
    >
      <div
        class="m-service__icon"
      >
        <i
          aria-hidden="true"
          class="c-font-icon--foo m-service__icon-font"
        />
      </div>
      <div
        class="m-service__description"
      >
        <h3
          class="is-centered c-type--h3 m-service__headline"
        >
          Headline service
        </h3>
        <p
          class="c-type--p m-service__text"
        >
          Text service
        </p>
      </div>
    </div>
  </li>
</DocumentFragment>
`;

exports[`ModuleServiceItem should render isClear correctly 1`] = `
<DocumentFragment>
  <li
    class="c-list m-service__item--right"
    itemprop="itemListElement"
  >
    <div
      class="m-service__content"
    >
      <div
        class="m-service__icon"
      >
        <i
          aria-hidden="true"
          class="c-font-icon--foo m-service__icon-font"
        />
      </div>
      <div
        class="m-service__description"
      >
        <h3
          class="is-centered c-type--h3 m-service__headline"
        >
          Headline service
        </h3>
        <p
          class="c-type--p m-service__text"
        >
          Text service
        </p>
      </div>
    </div>
  </li>
</DocumentFragment>
`;
