// Jest Snapshot v1, https://goo.gl/fbAQLP

exports[`common/component/grid/col should render correctly 1`] = `
<span
  className="l-grid__col--12 col"
>
  Grid Col Children
</span>
`;

exports[`common/component/grid/col should render custom col width 1`] = `
<div
  className="l-grid__col--12"
  col="4"
>
  Grid Col Children
</div>
`;
