// Jest Snapshot v1, https://goo.gl/fbAQLP

exports[`displayAllLoaded should display progress correctly 1`] = `"<div><progress id=\\"m-progress\\" value=\\"100\\"></progress></div>"`;

exports[`displayProgress should display progress correctly 1`] = `"<div><progress id=\\"m-progress\\" value=\\"23\\"></progress></div>"`;

exports[`displayZeroLoaded should display progress correctly 1`] = `"<div><progress id=\\"m-progress\\" value=\\"0\\"></progress></div>"`;
