// Jest Snapshot v1, https://goo.gl/fbAQLP

exports[`ModuleArticle should render correctly 1`] = `
<DocumentFragment>
  <article
    class="c-type--article is-main has-no-margin m-article module-article"
    itemscope=""
    itemtype="https://schema.org/Article"
  >
    <h1
      class="is-centered c-type--h1 is-spaced m-article__headline"
      itemprop="headline"
    >
      Headline Article
    </h1>
    <p
      class="is-centered c-type--p m-article__lead"
      itemprop="alternativeHeadline"
    >
      <strong>
        Lead Article
      </strong>
    </p>
    <div
      class="m-article__text"
      itemprop="text"
    >
      Module article children
    </div>
    <meta
      content="Headline Article"
      itemprop="name"
    />
    <meta
      content="Author"
      itemprop="author"
    />
    <meta
      content="20161212"
      itemprop="datePublished"
    />
  </article>
</DocumentFragment>
`;
