// Jest Snapshot v1, https://goo.gl/fbAQLP

exports[`ModuleTextPerson should render correctly 1`] = `
<DocumentFragment>
  <div
    class="is-centered m-person has-columns--2 is-centered m-text__content"
    itemscope=""
    itemtype="http://schema.org/Person"
  />
</DocumentFragment>
`;

exports[`ModuleTextPerson should return null if content is empty 1`] = `<DocumentFragment />`;
