// Jest Snapshot v1, https://goo.gl/fbAQLP

exports[`ModuleFeaturedItem should render correctly 1`] = `
<DocumentFragment>
  <li
    class="c-list-item m-featured__list-item"
    itemprop="itemListElement"
    itemscope=""
    itemtype="https://schema.org/SiteNavigationElement"
  >
    <a
      class="c-link m-featured__item"
      href="/work/like-architecture"
      tabindex="0"
      title="Featured item work headline"
    >
      <span
        class="m-featured__hover"
      >
        <span
          class="m-featured__text"
        >
          <span
            aria-level="3"
            class="m-featured__headline"
            role="heading"
          >
            Featured item work headline
          </span>
          <i
            aria-hidden="true"
            class="c-font-icon--plus m-featured__icon"
          />
        </span>
      </span>
      Module featured item children
      <meta
        content="Featured item work headline"
        itemprop="name"
      />
    </a>
  </li>
</DocumentFragment>
`;

exports[`ModuleFeaturedItem should render correctly with defaults 1`] = `<DocumentFragment />`;

exports[`ModuleFeaturedItem should render null without valid path 1`] = `<DocumentFragment />`;
