exports[`common/component/module/featured/item should render correctly 1`] = `
<a
  className="c-link m-featured__item"
  itemProp="itemListElement"
  itemScope={true}
  itemType="http://schema.org/SiteNavigationElement"
  onClick={[Function]}
  style={Object {}}
  tabIndex="0"
  title="Featured item work headline">
  <span
    className="m-featured__hover">
    <span
      className="m-featured__text">
      <span
        aria-level="3"
        className="m-featured__headline"
        role="heading">
        Featured item work headline
      </span>
      <i
        aria-hidden="true"
        className="c-font-icon--plus m-featured__icon" />
    </span>
  </span>
  Module featured item children
  <meta
    content="Featured item work headline"
    itemProp="name" />
</a>
`;
