// Jest Snapshot v1, https://goo.gl/fbAQLP

exports[`common/component/module/featured/item should render correctly 1`] = `
<li
  className="m-featured__list-item"
  itemProp="itemListElement"
  itemScope={true}
  itemType="http://schema.org/SiteNavigationElement"
>
  <a
    aria-current={false}
    className="c-link m-featured__item"
    href="/work//work/test"
    onClick={[Function]}
    style={undefined}
    tabIndex="0"
    title="Featured item work headline"
  >
    <span
      className="m-featured__hover"
    >
      <span
        className="m-featured__text"
      >
        <span
          aria-level="3"
          className="m-featured__headline"
          role="heading"
        >
          Featured item work headline
        </span>
        <i
          aria-hidden="true"
          className="c-font-icon--plus m-featured__icon"
        />
      </span>
    </span>
    Module featured item children
    <meta
      content="Featured item work headline"
      itemProp="name"
    />
  </a>
</li>
`;
