// Jest Snapshot v1, https://goo.gl/fbAQLP

exports[`common/component/section/common/grid should render correctly 1`] = `
<div
  className="l-main__transition"
>
  <section
    className="l-grid m-section"
  >
    <div
      className="l-grid__row"
    >
      <div
        className="l-grid__col--12"
      >
        Section common grid children
      </div>
    </div>
  </section>
</div>
`;
