exports[`common/component/section/common/grid-spaced should render correctly 1`] = `
<div
  className="l-main__transition">
  <section
    className="l-grid m-section">
    <div
      className="l-grid__spaced--small">
      <div
        className="l-grid__row">
        <div
          className="l-grid__col--12">
          Section common grid spaced children
        </div>
      </div>
    </div>
  </section>
</div>
`;
