exports[`component/element/textarea Snapshot should render correctly 1`] = `
<textarea
  aria-required={true}
  className="m-form__control--textarea foo"
  cols="50"
  id="foo"
  name="bar"
  onBlur={[Function]}
  onChange={[Function]}
  placeholder="Test placeholder"
  required={true}
  rows="4" />
`;
