// Jest Snapshot v1, https://goo.gl/fbAQLP

exports[`ModuleKeyVisualArticle should render correctly 1`] = `
<DocumentFragment>
  <article
    class="m-key-visual__text"
  >
    <h3
      class="is-centered c-type--h3 m-key-visual__headline"
      itemprop="headline"
    >
      <span
        class="m-key-visual__boxed"
      >
        headline
      </span>
    </h3>
    <p
      class="c-type--p m-key-visual__lead"
      itemprop="description"
    >
      <span
        class="m-key-visual__boxed"
      >
        lead
      </span>
    </p>
  </article>
</DocumentFragment>
`;

exports[`ModuleKeyVisualArticle should render null if no content is provided 1`] = `<DocumentFragment />`;
