// Jest Snapshot v1, https://goo.gl/fbAQLP

exports[`common/component/module/key-visual/button should render correctly 1`] = `
<button
  className="c-btn m-key-visual__button--down c-font-icon--chevron-down"
  onClick={[Function]}
  role="button"
  title="title"
  type="button"
>
  <span
    className="c-btn__label is-visually-hidden"
  >
    label
  </span>
</button>
`;

exports[`common/component/module/key-visual/button should render correctly 2`] = `
<button
  className="c-btn m-key-visual__button--down c-font-icon--chevron-down"
  onClick={[Function]}
  role="button"
  title="title"
  type="button"
>
  <span
    className="c-btn__label is-visually-hidden"
  >
    label
  </span>
</button>
`;

exports[`common/component/module/key-visual/button should render null if no content is provided 1`] = `null`;
