// Jest Snapshot v1, https://goo.gl/fbAQLP

exports[`SectionCommonGrid should render correctly 1`] = `
<DocumentFragment>
  <section
    class="l-grid l-main__transition animate-appear animate-appear-active"
  >
    <div
      class="l-grid__row"
    >
      <div
        class="l-grid__col--12"
      >
        Section common grid children
      </div>
    </div>
  </section>
</DocumentFragment>
`;
