exports[`common/component/element/button should render correctly 1`] = `
<button
  className="c-btn button c-btn--primary c-btn--large is-disabled"
  disabled="disabled"
  id="button"
  name="button"
  role="button"
  title="Test button title"
  to={undefined}
  type="submit">
  <span
    className="c-btn__label button-label">
    Button Children
  </span>
</button>
`;
