exports[`common/component/element/button-group should render correctly 1`] = `
<div
  className="m-form__group">
  <button
    className="c-btn m-form__btn button-group c-btn--primary is-disabled"
    disabled="disabled"
    id="button-group"
    name="button"
    role="button"
    title=""
    to=""
    type="submit">
    <span
      className="c-btn__label">
      button
    </span>
  </button>
</div>
`;
