exports[`common/component/element/input-group should render correctly 1`] = `"<div class=\"input-group\"><input type=\"submit\" class=\"m-form__control--text is-pristine\" id=\"input-group\" name=\"input\" value=\"2\" placeholder=\"\" required=\"\" aria-required=\"true\"/><label class=\"m-form__label\" for=\"input-group\">input<i class=\"c-font-icon--sad m-form__label__icon--error\" aria-hidden=\"true\"></i><i class=\"c-font-icon--smile m-form__label__icon--success\" aria-hidden=\"true\"></i></label></div>"`;

exports[`common/component/element/input-group should render correctly 2`] = `"<div class=\"input-group\"><input type=\"submit\" class=\"m-form__control--text is-pristine\" id=\"input-group\" name=\"input\" value=\"2\" placeholder=\"placeholder\" required=\"\" aria-required=\"true\"/><label class=\"m-form__label is-visually-hidden\" for=\"input-group\">input<i class=\"c-font-icon--sad m-form__label__icon--error\" aria-hidden=\"true\"></i><i class=\"c-font-icon--smile m-form__label__icon--success\" aria-hidden=\"true\"></i></label></div>"`;
