exports[`common/component/element/input-group should render correctly 1`] = `
<div
  className="input-group">
  <input
    aria-required={true}
    className="m-form__control--text is-pristine"
    id="input-group"
    name="input"
    onBlur={[Function]}
    onChange={[Function]}
    placeholder=""
    required={true}
    type="submit"
    value="2" />
  <label
    className="m-form__label"
    htmlFor="input-group">
    input
    <i
      aria-hidden="true"
      className="c-font-icon--sad m-form__label__icon--error" />
    <i
      aria-hidden="true"
      className="c-font-icon--smile m-form__label__icon--success" />
  </label>
</div>
`;
