// Jest Snapshot v1, https://goo.gl/fbAQLP

exports[`reducer should react to an action with the type reducedMotion/REDUCED_MOTION_TOGGLE_SELECTED 1`] = `
Object {
  "meta": Object {
    "isInitial": false,
  },
  "payload": Object {
    "selected": "reduce",
  },
}
`;

exports[`reducer should return the current state if payload is empty 1`] = `
Object {
  "meta": Object {
    "isInitial": false,
  },
  "payload": Object {
    "selected": "reduce",
  },
}
`;
