// Jest Snapshot v1, https://goo.gl/fbAQLP

exports[`ModulePersonEmail should render correctly 1`] = `
<DocumentFragment>
  <p
    class="c-type--p m-person__email"
  >
    <abbr
      class="c-type--abbr"
      title="E-Mail address"
    >
      E.
    </abbr>
     
    <a
      class="c-link"
      href="mailto:foo@bar.com"
      itemprop="email"
      rel="noopener noreferrer"
      tabindex="0"
      target="_blank"
      title="Write a message"
    >
      foo@bar.com
    </a>
  </p>
</DocumentFragment>
`;

exports[`ModulePersonEmail should return null if content is empty 1`] = `<DocumentFragment />`;
