// Jest Snapshot v1, https://goo.gl/fbAQLP

exports[`ModuleFormTheme should render correctly 1`] = `
<DocumentFragment>
  <form
    accept-charset="utf-8"
    action="/theme/"
    class="m-form m-form--theme"
    id="m-form--theme"
    itemprop="potentialAction"
    itemscope=""
    itemtype="http://schema.org/Action"
    method="post"
    novalidate=""
    role="form"
  >
    <fieldset
      class="m-form__fieldset"
    >
      <legend
        class="m-form__legend is-visually-hidden"
      />
      <div
        class="l-grid__row"
      >
        <div
          class="l-grid__col--6"
        >
          <button
            class="c-btn"
            role="button"
            title=""
            type="button"
          >
            <span
              class="c-btn__label"
            >
              default
            </span>
          </button>
        </div>
        <div
          class="l-grid__col--6"
        >
          <button
            class="c-btn"
            role="button"
            title=""
            type="button"
          >
            <span
              class="c-btn__label"
            >
              grey
            </span>
          </button>
        </div>
      </div>
      <input
        name="_csrf"
        type="hidden"
        value="da39a3ee5e6b4b0d3255bfef95601890afd80709"
      />
    </fieldset>
  </form>
</DocumentFragment>
`;
