exports[`common/component/module/article should render correctly 1`] = `
<span
  className="is-main has-no-margin m-article module-article"
  itemScope={true}
  itemType="https://schema.org/Article">
  <h1
    className="is-centered c-type--h1 is-spaced m-article__headline"
    itemProp="headline">
    Headline Article
  </h1>
  <p
    className="is-centered c-type--p m-article__lead"
    itemProp="alternativeHeadline">
    <strong>
      Lead Article
    </strong>
  </p>
  <div
    className="m-article__text"
    itemProp="text">
    Module article children
  </div>
  <meta
    content="Headline Article"
    itemProp="name"
    name={undefined}
    property={undefined} />
  <meta
    content="Author"
    defaultContent="Ulrich Merkel"
    itemProp="author"
    name={undefined}
    property={undefined} />
  <meta
    content="20161212"
    itemProp="datePublished"
    name={undefined}
    property={undefined} />
</span>
`;
