exports[`common/component/module/person should render correctly 1`] = `null`;

exports[`common/component/module/person should render isCentered correctly 1`] = `null`;

exports[`common/component/module/person should render no itemType if unset 1`] = `null`;

exports[`common/component/module/person should return null if no content is given 1`] = `null`;
