// Jest Snapshot v1, https://goo.gl/fbAQLP

exports[`common/component/module/search should render correctly 1`] = `"<ul class=\\"m-list--search module-list\\" itemscope=\\"\\" itemtype=\\"itemType\\" role=\\"list\\"><li class=\\"m-list__list-item\\" itemprop=\\"itemListElement\\"><a href=\\"index\\" rel=\\"noopener noreferrer\\" target=\\"_blank\\" class=\\"m-menu__item c-link m-list__item c-type--h4\\" tabindex=\\"0\\" title=\\"index\\" itemscope=\\"\\" itemtype=\\"http://www.schema.org/SiteNavigationElement\\"><span class=\\"m-menu__label\\"></span><small class=\\"m-menu__description\\"></small></a></li><li class=\\"m-list__list-item\\" itemprop=\\"itemListElement\\"><a href=\\"contact\\" rel=\\"noopener noreferrer\\" target=\\"_blank\\" class=\\"m-menu__item c-link m-list__item c-type--h4\\" tabindex=\\"0\\" title=\\"contact\\" itemscope=\\"\\" itemtype=\\"http://www.schema.org/SiteNavigationElement\\"><span class=\\"m-menu__label\\"></span><small class=\\"m-menu__description\\"></small></a></li>Module list children</ul>"`;
